[  141850ms] ReferenceError: baselinePricesRef is not defined
    at http://localhost:5174/src/App.jsx?t=1773368101338:613:31
    at Array.map (<anonymous>)
    at App (http://localhost:5174/src/App.jsx?t=1773368101338:607:27)
    at renderWithHooks (http://localhost:5174/node_modules/.vite/deps/chunk-373CG7ZK.js?v=de33d384:11546:26)
    at updateFunctionComponent (http://localhost:5174/node_modules/.vite/deps/chunk-373CG7ZK.js?v=de33d384:14580:28)
    at beginWork (http://localhost:5174/node_modules/.vite/deps/chunk-373CG7ZK.js?v=de33d384:15922:22)
    at HTMLUnknownElement.callCallback2 (http://localhost:5174/node_modules/.vite/deps/chunk-373CG7ZK.js?v=de33d384:3672:22)
    at Object.invokeGuardedCallbackDev (http://localhost:5174/node_modules/.vite/deps/chunk-373CG7ZK.js?v=de33d384:3697:24)
    at invokeGuardedCallback (http://localhost:5174/node_modules/.vite/deps/chunk-373CG7ZK.js?v=de33d384:3731:39)
    at beginWork$1 (http://localhost:5174/node_modules/.vite/deps/chunk-373CG7ZK.js?v=de33d384:19763:15)
[  141869ms] ReferenceError: baselinePricesRef is not defined
    at http://localhost:5174/src/App.jsx?t=1773368101338:613:31
    at Array.map (<anonymous>)
    at App (http://localhost:5174/src/App.jsx?t=1773368101338:607:27)
    at renderWithHooks (http://localhost:5174/node_modules/.vite/deps/chunk-373CG7ZK.js?v=de33d384:11546:26)
    at updateFunctionComponent (http://localhost:5174/node_modules/.vite/deps/chunk-373CG7ZK.js?v=de33d384:14580:28)
    at beginWork (http://localhost:5174/node_modules/.vite/deps/chunk-373CG7ZK.js?v=de33d384:15922:22)
    at HTMLUnknownElement.callCallback2 (http://localhost:5174/node_modules/.vite/deps/chunk-373CG7ZK.js?v=de33d384:3672:22)
    at Object.invokeGuardedCallbackDev (http://localhost:5174/node_modules/.vite/deps/chunk-373CG7ZK.js?v=de33d384:3697:24)
    at invokeGuardedCallback (http://localhost:5174/node_modules/.vite/deps/chunk-373CG7ZK.js?v=de33d384:3731:39)
    at beginWork$1 (http://localhost:5174/node_modules/.vite/deps/chunk-373CG7ZK.js?v=de33d384:19763:15)
[  141845ms] [ERROR] The above error occurred in the <App> component:

    at App (http://localhost:5174/src/App.jsx?t=1773368101338:92:31)

Consider adding an error boundary to your tree to customize error handling behavior.
Visit https://reactjs.org/link/error-boundaries to learn more about error boundaries. @ http://localhost:5174/node_modules/.vite/deps/chunk-373CG7ZK.js?v=de33d384:14029
[  141869ms] ReferenceError: baselinePricesRef is not defined
    at http://localhost:5174/src/App.jsx?t=1773368101338:613:31
    at Array.map (<anonymous>)
    at App (http://localhost:5174/src/App.jsx?t=1773368101338:607:27)
    at renderWithHooks (http://localhost:5174/node_modules/.vite/deps/chunk-373CG7ZK.js?v=de33d384:11546:26)
    at updateFunctionComponent (http://localhost:5174/node_modules/.vite/deps/chunk-373CG7ZK.js?v=de33d384:14580:28)
    at beginWork (http://localhost:5174/node_modules/.vite/deps/chunk-373CG7ZK.js?v=de33d384:15922:22)
    at beginWork$1 (http://localhost:5174/node_modules/.vite/deps/chunk-373CG7ZK.js?v=de33d384:19751:22)
    at performUnitOfWork (http://localhost:5174/node_modules/.vite/deps/chunk-373CG7ZK.js?v=de33d384:19196:20)
    at workLoopSync (http://localhost:5174/node_modules/.vite/deps/chunk-373CG7ZK.js?v=de33d384:19135:13)
    at renderRootSync (http://localhost:5174/node_modules/.vite/deps/chunk-373CG7ZK.js?v=de33d384:19114:15)
[  170313ms] ReferenceError: baselineChange is not defined
    at http://localhost:5174/src/App.jsx?t=1773368129742:754:85
    at Array.map (<anonymous>)
    at App (http://localhost:5174/src/App.jsx?t=1773368129742:607:27)
    at renderWithHooks (http://localhost:5174/node_modules/.vite/deps/chunk-373CG7ZK.js?v=de33d384:11546:26)
    at updateFunctionComponent (http://localhost:5174/node_modules/.vite/deps/chunk-373CG7ZK.js?v=de33d384:14580:28)
    at beginWork (http://localhost:5174/node_modules/.vite/deps/chunk-373CG7ZK.js?v=de33d384:15922:22)
    at HTMLUnknownElement.callCallback2 (http://localhost:5174/node_modules/.vite/deps/chunk-373CG7ZK.js?v=de33d384:3672:22)
    at Object.invokeGuardedCallbackDev (http://localhost:5174/node_modules/.vite/deps/chunk-373CG7ZK.js?v=de33d384:3697:24)
    at invokeGuardedCallback (http://localhost:5174/node_modules/.vite/deps/chunk-373CG7ZK.js?v=de33d384:3731:39)
    at beginWork$1 (http://localhost:5174/node_modules/.vite/deps/chunk-373CG7ZK.js?v=de33d384:19763:15)
[  170313ms] ReferenceError: baselineChange is not defined
    at http://localhost:5174/src/App.jsx?t=1773368129742:754:85
    at Array.map (<anonymous>)
    at App (http://localhost:5174/src/App.jsx?t=1773368129742:607:27)
    at renderWithHooks (http://localhost:5174/node_modules/.vite/deps/chunk-373CG7ZK.js?v=de33d384:11546:26)
    at updateFunctionComponent (http://localhost:5174/node_modules/.vite/deps/chunk-373CG7ZK.js?v=de33d384:14580:28)
    at beginWork (http://localhost:5174/node_modules/.vite/deps/chunk-373CG7ZK.js?v=de33d384:15922:22)
    at HTMLUnknownElement.callCallback2 (http://localhost:5174/node_modules/.vite/deps/chunk-373CG7ZK.js?v=de33d384:3672:22)
    at Object.invokeGuardedCallbackDev (http://localhost:5174/node_modules/.vite/deps/chunk-373CG7ZK.js?v=de33d384:3697:24)
    at invokeGuardedCallback (http://localhost:5174/node_modules/.vite/deps/chunk-373CG7ZK.js?v=de33d384:3731:39)
    at beginWork$1 (http://localhost:5174/node_modules/.vite/deps/chunk-373CG7ZK.js?v=de33d384:19763:15)
[  170294ms] [ERROR] The above error occurred in the <App> component:

    at App (http://localhost:5174/src/App.jsx?t=1773368129742:92:31)

Consider adding an error boundary to your tree to customize error handling behavior.
Visit https://reactjs.org/link/error-boundaries to learn more about error boundaries. @ http://localhost:5174/node_modules/.vite/deps/chunk-373CG7ZK.js?v=de33d384:14029
[  170314ms] ReferenceError: baselineChange is not defined
    at http://localhost:5174/src/App.jsx?t=1773368129742:754:85
    at Array.map (<anonymous>)
    at App (http://localhost:5174/src/App.jsx?t=1773368129742:607:27)
    at renderWithHooks (http://localhost:5174/node_modules/.vite/deps/chunk-373CG7ZK.js?v=de33d384:11546:26)
    at updateFunctionComponent (http://localhost:5174/node_modules/.vite/deps/chunk-373CG7ZK.js?v=de33d384:14580:28)
    at beginWork (http://localhost:5174/node_modules/.vite/deps/chunk-373CG7ZK.js?v=de33d384:15922:22)
    at beginWork$1 (http://localhost:5174/node_modules/.vite/deps/chunk-373CG7ZK.js?v=de33d384:19751:22)
    at performUnitOfWork (http://localhost:5174/node_modules/.vite/deps/chunk-373CG7ZK.js?v=de33d384:19196:20)
    at workLoopSync (http://localhost:5174/node_modules/.vite/deps/chunk-373CG7ZK.js?v=de33d384:19135:13)
    at renderRootSync (http://localhost:5174/node_modules/.vite/deps/chunk-373CG7ZK.js?v=de33d384:19114:15)
[  192748ms] ReferenceError: baselineChange is not defined
    at http://localhost:5174/src/App.jsx?t=1773368152326:754:85
    at Array.map (<anonymous>)
    at App (http://localhost:5174/src/App.jsx?t=1773368152326:607:27)
    at renderWithHooks (http://localhost:5174/node_modules/.vite/deps/chunk-373CG7ZK.js?v=de33d384:11546:26)
    at updateFunctionComponent (http://localhost:5174/node_modules/.vite/deps/chunk-373CG7ZK.js?v=de33d384:14580:28)
    at beginWork (http://localhost:5174/node_modules/.vite/deps/chunk-373CG7ZK.js?v=de33d384:15922:22)
    at HTMLUnknownElement.callCallback2 (http://localhost:5174/node_modules/.vite/deps/chunk-373CG7ZK.js?v=de33d384:3672:22)
    at Object.invokeGuardedCallbackDev (http://localhost:5174/node_modules/.vite/deps/chunk-373CG7ZK.js?v=de33d384:3697:24)
    at invokeGuardedCallback (http://localhost:5174/node_modules/.vite/deps/chunk-373CG7ZK.js?v=de33d384:3731:39)
    at beginWork$1 (http://localhost:5174/node_modules/.vite/deps/chunk-373CG7ZK.js?v=de33d384:19763:15)
[  192749ms] ReferenceError: baselineChange is not defined
    at http://localhost:5174/src/App.jsx?t=1773368152326:754:85
    at Array.map (<anonymous>)
    at App (http://localhost:5174/src/App.jsx?t=1773368152326:607:27)
    at renderWithHooks (http://localhost:5174/node_modules/.vite/deps/chunk-373CG7ZK.js?v=de33d384:11546:26)
    at updateFunctionComponent (http://localhost:5174/node_modules/.vite/deps/chunk-373CG7ZK.js?v=de33d384:14580:28)
    at beginWork (http://localhost:5174/node_modules/.vite/deps/chunk-373CG7ZK.js?v=de33d384:15922:22)
    at HTMLUnknownElement.callCallback2 (http://localhost:5174/node_modules/.vite/deps/chunk-373CG7ZK.js?v=de33d384:3672:22)
    at Object.invokeGuardedCallbackDev (http://localhost:5174/node_modules/.vite/deps/chunk-373CG7ZK.js?v=de33d384:3697:24)
    at invokeGuardedCallback (http://localhost:5174/node_modules/.vite/deps/chunk-373CG7ZK.js?v=de33d384:3731:39)
    at beginWork$1 (http://localhost:5174/node_modules/.vite/deps/chunk-373CG7ZK.js?v=de33d384:19763:15)
[  192746ms] [ERROR] The above error occurred in the <App> component:

    at App (http://localhost:5174/src/App.jsx?t=1773368152326:92:31)

Consider adding an error boundary to your tree to customize error handling behavior.
Visit https://reactjs.org/link/error-boundaries to learn more about error boundaries. @ http://localhost:5174/node_modules/.vite/deps/chunk-373CG7ZK.js?v=de33d384:14029
[  192749ms] ReferenceError: baselineChange is not defined
    at http://localhost:5174/src/App.jsx?t=1773368152326:754:85
    at Array.map (<anonymous>)
    at App (http://localhost:5174/src/App.jsx?t=1773368152326:607:27)
    at renderWithHooks (http://localhost:5174/node_modules/.vite/deps/chunk-373CG7ZK.js?v=de33d384:11546:26)
    at updateFunctionComponent (http://localhost:5174/node_modules/.vite/deps/chunk-373CG7ZK.js?v=de33d384:14580:28)
    at beginWork (http://localhost:5174/node_modules/.vite/deps/chunk-373CG7ZK.js?v=de33d384:15922:22)
    at beginWork$1 (http://localhost:5174/node_modules/.vite/deps/chunk-373CG7ZK.js?v=de33d384:19751:22)
    at performUnitOfWork (http://localhost:5174/node_modules/.vite/deps/chunk-373CG7ZK.js?v=de33d384:19196:20)
    at workLoopSync (http://localhost:5174/node_modules/.vite/deps/chunk-373CG7ZK.js?v=de33d384:19135:13)
    at renderRootSync (http://localhost:5174/node_modules/.vite/deps/chunk-373CG7ZK.js?v=de33d384:19114:15)
