[     170ms] ReferenceError: subscribeToWs is not defined
    at App (http://localhost:5173/src/App.jsx:136:7)
    at renderWithHooks (http://localhost:5173/node_modules/.vite/deps/chunk-373CG7ZK.js?v=de33d384:11546:26)
    at mountIndeterminateComponent (http://localhost:5173/node_modules/.vite/deps/chunk-373CG7ZK.js?v=de33d384:14924:21)
    at beginWork (http://localhost:5173/node_modules/.vite/deps/chunk-373CG7ZK.js?v=de33d384:15912:22)
    at HTMLUnknownElement.callCallback2 (http://localhost:5173/node_modules/.vite/deps/chunk-373CG7ZK.js?v=de33d384:3672:22)
    at Object.invokeGuardedCallbackDev (http://localhost:5173/node_modules/.vite/deps/chunk-373CG7ZK.js?v=de33d384:3697:24)
    at invokeGuardedCallback (http://localhost:5173/node_modules/.vite/deps/chunk-373CG7ZK.js?v=de33d384:3731:39)
    at beginWork$1 (http://localhost:5173/node_modules/.vite/deps/chunk-373CG7ZK.js?v=de33d384:19763:15)
    at performUnitOfWork (http://localhost:5173/node_modules/.vite/deps/chunk-373CG7ZK.js?v=de33d384:19196:20)
    at workLoopSync (http://localhost:5173/node_modules/.vite/deps/chunk-373CG7ZK.js?v=de33d384:19135:13)
[     171ms] ReferenceError: subscribeToWs is not defined
    at App (http://localhost:5173/src/App.jsx:136:7)
    at renderWithHooks (http://localhost:5173/node_modules/.vite/deps/chunk-373CG7ZK.js?v=de33d384:11546:26)
    at mountIndeterminateComponent (http://localhost:5173/node_modules/.vite/deps/chunk-373CG7ZK.js?v=de33d384:14924:21)
    at beginWork (http://localhost:5173/node_modules/.vite/deps/chunk-373CG7ZK.js?v=de33d384:15912:22)
    at HTMLUnknownElement.callCallback2 (http://localhost:5173/node_modules/.vite/deps/chunk-373CG7ZK.js?v=de33d384:3672:22)
    at Object.invokeGuardedCallbackDev (http://localhost:5173/node_modules/.vite/deps/chunk-373CG7ZK.js?v=de33d384:3697:24)
    at invokeGuardedCallback (http://localhost:5173/node_modules/.vite/deps/chunk-373CG7ZK.js?v=de33d384:3731:39)
    at beginWork$1 (http://localhost:5173/node_modules/.vite/deps/chunk-373CG7ZK.js?v=de33d384:19763:15)
    at performUnitOfWork (http://localhost:5173/node_modules/.vite/deps/chunk-373CG7ZK.js?v=de33d384:19196:20)
    at workLoopSync (http://localhost:5173/node_modules/.vite/deps/chunk-373CG7ZK.js?v=de33d384:19135:13)
[     169ms] [ERROR] The above error occurred in the <App> component:

    at App (http://localhost:5173/src/App.jsx:92:31)

Consider adding an error boundary to your tree to customize error handling behavior.
Visit https://reactjs.org/link/error-boundaries to learn more about error boundaries. @ http://localhost:5173/node_modules/.vite/deps/chunk-373CG7ZK.js?v=de33d384:14029
[     171ms] ReferenceError: subscribeToWs is not defined
    at App (http://localhost:5173/src/App.jsx:136:7)
    at renderWithHooks (http://localhost:5173/node_modules/.vite/deps/chunk-373CG7ZK.js?v=de33d384:11546:26)
    at mountIndeterminateComponent (http://localhost:5173/node_modules/.vite/deps/chunk-373CG7ZK.js?v=de33d384:14924:21)
    at beginWork (http://localhost:5173/node_modules/.vite/deps/chunk-373CG7ZK.js?v=de33d384:15912:22)
    at beginWork$1 (http://localhost:5173/node_modules/.vite/deps/chunk-373CG7ZK.js?v=de33d384:19751:22)
    at performUnitOfWork (http://localhost:5173/node_modules/.vite/deps/chunk-373CG7ZK.js?v=de33d384:19196:20)
    at workLoopSync (http://localhost:5173/node_modules/.vite/deps/chunk-373CG7ZK.js?v=de33d384:19135:13)
    at renderRootSync (http://localhost:5173/node_modules/.vite/deps/chunk-373CG7ZK.js?v=de33d384:19114:15)
    at recoverFromConcurrentError (http://localhost:5173/node_modules/.vite/deps/chunk-373CG7ZK.js?v=de33d384:18734:28)
    at performConcurrentWorkOnRoot (http://localhost:5173/node_modules/.vite/deps/chunk-373CG7ZK.js?v=de33d384:18682:30)
